reading bfs_graphs/erdos_renyi.mtx
graph=bfs_graphs/erdos_renyi.mtx vertices=1048576 undirected_edges=8388555
source, levels, reached, fraction, inspected_edges, teps
source=597060 frontier_sizes=1;18;296;4705;72477;650221;320836;22
597060, 8, 1048576, 1.000000, 16777110, 118046809
source=817875 frontier_sizes=1;26;393;6380;96437;728157;217180;2
817875, 8, 1048576, 1.000000, 16777110, 121818111
source=803350 frontier_sizes=1;16;261;4105;63374;608199;372578;42
803350, 8, 1048576, 1.000000, 16777110, 121975364
source=594557 frontier_sizes=1;10;168;2581;40539;462423;542407;447
594557, 8, 1048576, 1.000000, 16777110, 122073768
source=504248 frontier_sizes=1;14;227;3616;55896;568480;420279;63
504248, 8, 1048576, 1.000000, 16777110, 121714728
source=674231 frontier_sizes=1;15;254;4037;62689;603923;377634;23
674231, 8, 1048576, 1.000000, 16777110, 121513264
source=170922 frontier_sizes=1;12;182;2903;45194;498671;501374;239
170922, 8, 1048576, 1.000000, 16777110, 122001151
source=38657 frontier_sizes=1;17;271;4355;67225;626663;350026;18
38657, 8, 1048576, 1.000000, 16777110, 122001170
source=656492 frontier_sizes=1;15;248;4017;62113;600855;381272;55
656492, 8, 1048576, 1.000000, 16777110, 122018798
source=13531 frontier_sizes=1;15;213;3399;52794;548719;443335;100
13531, 8, 1048576, 1.000000, 16777110, 122010807
source=255102 frontier_sizes=1;20;306;4941;75597;662146;305551;14
255102, 8, 1048576, 1.000000, 16777110, 122024599
source=639429 frontier_sizes=1;14;196;3240;50291;533145;461566;123
639429, 8, 1048576, 1.000000, 16777110, 122039745
source=1001568 frontier_sizes=1;18;258;4146;63926;611280;368912;35
1001568, 8, 1048576, 1.000000, 16777110, 122142698
source=778303 frontier_sizes=1;16;273;4349;67288;627118;349502;29
778303, 8, 1048576, 1.000000, 16777110, 122057694
source=618642 frontier_sizes=1;13;210;3332;51624;541573;451710;113
618642, 8, 1048576, 1.000000, 16777110, 121928575
source=382665 frontier_sizes=1;16;262;4231;65224;615865;362951;26
382665, 8, 1048576, 1.000000, 16777110, 121972956
teps_min=118046809 teps_median=122001151 teps_max=122142698
