reading bfs_graphs/rmat.mtx
graph=bfs_graphs/rmat.mtx vertices=1048576 undirected_edges=7920577
source, levels, reached, fraction, inspected_edges, teps
source=597060 frontier_sizes=1;17;30891;428923;44856;149;1
597060, 7, 504838, 0.481451, 15840818, 259255580
source=803350 frontier_sizes=1;19;14538;414277;75733;270
803350, 6, 504838, 0.481451, 15840818, 282724299
source=38657 frontier_sizes=1;52;73812;411505;19415;52;1
38657, 7, 504838, 0.481451, 15840818, 278871325
source=656492 frontier_sizes=1;12;20417;420180;64000;228
656492, 6, 504838, 0.481451, 15840818, 284983749
source=13531 frontier_sizes=1;2;19125;417201;68246;262;1
13531, 7, 504838, 0.481451, 15840818, 286366137
source=639429 frontier_sizes=1;1;194;156551;341055;7017;19
639429, 7, 504838, 0.481451, 15840818, 287716782
source=1001568 frontier_sizes=1;6;18837;420651;65084;258;1
1001568, 7, 504838, 0.481451, 15840818, 283264987
source=618642 frontier_sizes=1;6;15615;415566;73368;282
618642, 6, 504838, 0.481451, 15840818, 283827890
source=382665 frontier_sizes=1;1;751;226070;274677;3326;12
382665, 7, 504838, 0.481451, 15840818, 287896767
source=547341 frontier_sizes=1;5;24676;424342;55617;196;1
547341, 7, 504838, 0.481451, 15840818, 284208137
source=111624 frontier_sizes=1;68;93898;396057;14766;48
111624, 6, 504838, 0.481451, 15840818, 287150237
source=189050 frontier_sizes=1;1;213;123647;371204;9746;25;1
189050, 8, 504838, 0.481451, 15840818, 275418942
source=724881 frontier_sizes=1;1;698;217748;282831;3550;9
724881, 7, 504838, 0.481451, 15840818, 285684734
source=754620 frontier_sizes=1;1;6685;371833;125690;627;1
754620, 7, 504838, 0.481451, 15840818, 285075428
source=110670 frontier_sizes=1;2;2775;321384;179462;1212;2
110670, 7, 504838, 0.481451, 15840818, 286126872
source=627888 frontier_sizes=1;9;19048;421217;64320;242;1
627888, 7, 504838, 0.481451, 15840818, 282954428
teps_min=259255580 teps_median=284208137 teps_max=287896767
